1. Using the echo command print in console "Hello World". 
Admin@DESKTOP-9N9UGQ5 MINGW64 ~/IH-Labs/lab-bash (master)
$ echo Hello World
Hello World


2. Create a new directory called new_dir.
Admin@DESKTOP-9N9UGQ5 MINGW64 ~/IH-Labs/lab-bash (master)
$ mkdir new_dir


3. Delete/Remove the directory new_dir.
Admin@DESKTOP-9N9UGQ5 MINGW64 ~/IH-Labs/lab-bash (master)
$ rm -r new_dir


4. Copy the file sed.txt from the lorem folder and paste it to the folder lorem-copy folder.
Admin@DESKTOP-9N9UGQ5 MINGW64 ~/IH-Labs/lab-bash (master)
$ cd lorem

Admin@DESKTOP-9N9UGQ5 MINGW64 ~/IH-Labs/lab-bash/lorem (main)
$ ls
README.md  at.txt  at.txte  lorem-copy  lorem.txt  sed.txt

Admin@DESKTOP-9N9UGQ5 MINGW64 ~/IH-Labs/lab-bash/lorem (main)
$ cp sed.txt lorem-copy   (or cp sed.txt ~/IH-Labs/lab-bash/lorem-copy)


5. Copy the other two files from the lorem folder to lorem-copy folder in just one line using semicolon ;.
Admin@DESKTOP-9N9UGQ5 MINGW64 ~/IH-Labs/lab-bash/lorem (main)
$ ls
README.md  at.txt  at.txte  lorem-copy  lorem.txt  sed.txt

Admin@DESKTOP-9N9UGQ5 MINGW64 ~/IH-Labs/lab-bash/lorem (main)
$ cp at.txt ~/IH-Labs/lab-bash/lorem-copy ; cp lorem.txt ~/IH-Labs/lab-bash/lorem-copy


6. Show the sed.txt file content from the lorem folder.
Admin@DESKTOP-9N9UGQ5 MINGW64 ~/IH-Labs/lab-bash/lorem (main)
$ cat sed.txt
Sed ut perspiciatis unde omnis iste natus error sit voluptatem accusantium doloremque laudantium,
totam rem aperiam, eaque ipsa quae ab illo inventore veritatis et quasi architecto beatae vitae dicta sunt explicabo.
Nemo enim ipsam voluptatem quia voluptas sit aspernatur aut odit aut fugit,
sed quia consequuntur magni dolores eos qui ratione voluptatem sequi nesciunt.
Neque porro quisquam est, qui dolorem ipsum quia dolor sit amet, consectetur, adipisci velit,
sed quia non numquam eius modi tempora incidunt ut labore et dolore magnam aliquam quaerat voluptatem.
Ut enim ad minima veniam, quis nostrum exercitationem ullam corporis suscipit laboriosam,
nisi ut aliquid ex ea commodi consequatur? Quis autem vel eum iure reprehenderit qui in ea voluptate velit esse quam nihil molestiae consequatur,
vel illum qui dolorem eum fugiat quo voluptas nulla pariatur?Homo homini lupus


7. Show the at.txt file and lorem.txt file contents from lorem folder.
Admin@DESKTOP-9N9UGQ5 MINGW64 ~/IH-Labs/lab-bash/lorem (main)
$ cat at.txt
At vero eos ET accusamus ET iusto odio dignissimos ducimus qui blanditiis praesentium voluptatum
deleniti atque corrupti quos dolores ET quas molestias excepturi sint occaecati cupiditate non
provident, similique sunt in culpa qui officia deserunt mollitia animi, id est laborum ET dolorum fuga.
Et harum quidem rerum facilis est ET expedita distinctio.
Nam libero tempore, cum soluta nobis est eligendi optio cumque nihil impedit quo minus id quod
maxime placeat facere possimus, omnis voluptas assumenda est, omnis dolor repellendus.
Temporibus autem quibusdam ET aut officiis debitis aut rerum necessitatibus saepe eveniET
ut ET voluptates repudiandae sint ET molestiae non recusandae.
Itaque earum rerum hic tenETur a sapiente delectus, ut aut reiciendis voluptatibus maiores
alias consequatur aut perferendis doloribus asperiores repellat

Admin@DESKTOP-9N9UGQ5 MINGW64 ~/IH-Labs/lab-bash/lorem (main)
$ cat lorem.txt
At vero eos ET accusamus ET iusto odio dignissimos ducimus qui blanditiis praesentium voluptatum
deleniti atque corrupti quos dolores ET quas molestias excepturi sint occaecati cupiditate non
provident, similique sunt in culpa qui officia deserunt mollitia animi, id est laborum ET dolorum fuga.
Et harum quidem rerum facilis est ET expedita distinctio.
Nam libero tempore, cum soluta nobis est eligendi optio cumque nihil impedit quo minus id quod
maxime placeat facere possimus, omnis voluptas assumenda est, omnis dolor repellendus.
Temporibus autem quibusdam ET aut officiis debitis aut rerum necessitatibus saepe eveniET
ut ET voluptates repudiandae sint ET molestiae non recusandae.
Itaque earum rerum hic tenETur a sapiente delectus, ut aut reiciendis voluptatibus maiores
alias consequatur aut perferendis doloribus asperiores repellat


8. Print the first 3 rows in sed.txt file from lorem-copy folder.
Admin@DESKTOP-9N9UGQ5 MINGW64 ~/IH-Labs/lab-bash/lorem (main)
$ cd ..

Admin@DESKTOP-9N9UGQ5 MINGW64 ~/IH-Labs/lab-bash (master)
$ cd lorem-copy

Admin@DESKTOP-9N9UGQ5 MINGW64 ~/IH-Labs/lab-bash/lorem-copy (master)
$ head -3 sed.txt
Sed ut perspiciatis unde omnis iste natus error sit voluptatem accusantium doloremque laudantium,
totam rem aperiam, eaque ipsa quae ab illo inventore veritatis et quasi architecto beatae vitae dicta sunt explicabo.
Nemo enim ipsam voluptatem quia voluptas sit aspernatur aut odit aut fugit,


9. Print the last 3 rows in sed.txt file from lorem-copy folder.
Admin@DESKTOP-9N9UGQ5 MINGW64 ~/IH-Labs/lab-bash/lorem-copy (master)
$ tail -3 sed.txt
Ut enim ad minima veniam, quis nostrum exercitationem ullam corporis suscipit laboriosam,
nisi ut aliquid ex ea commodi consequatur? Quis autem vel eum iure reprehenderit qui in ea voluptate velit esse quam nihil molestiae consequatur,
vel illum qui dolorem eum fugiat quo voluptas nulla pariatur?Homo homini lupus


10. Add Homo homini lupus. at the end of sed.txt file in the lorem-copy folder.
Admin@DESKTOP-9N9UGQ5 MINGW64 ~/IH-Labs/lab-bash/lorem-copy (master)
$ echo Homo homini lupus. >>sed.txt


11.Print the last 3 rows in sed.txt file from lorem-copy folder. You should see Homo homini lupus..
Admin@DESKTOP-9N9UGQ5 MINGW64 ~/IH-Labs/lab-bash/lorem-copy (master)
$ tail -3 sed.txt
nisi ut aliquid ex ea commodi consequatur? Quis autem vel eum iure reprehenderit qui in ea voluptate velit esse quam nihil molestiae consequatur,
vel illum qui dolorem eum fugiat quo voluptas nulla pariatur?Homo homini lupus
Homo homini lupus.


12. sed command is used to replace the text in a file. Use the sed command to replace all occurances of et with ET in the file at.txt file present in the folder lorem. You can use the following link to refer to sed commands [https://www.linode.com/docs/guides/manipulate-text-from-the-command-line-with-sed/] Check the contents of the sed.txt file using cat command.
Admin@DESKTOP-9N9UGQ5 MINGW64 ~/IH-Labs/lab-bash/lorem-copy (master)
$ cd ..

Admin@DESKTOP-9N9UGQ5 MINGW64 ~/IH-Labs/lab-bash (master)
$ cd lorem

Admin@DESKTOP-9N9UGQ5 MINGW64 ~/IH-Labs/lab-bash/lorem (main)
$ sed -et -ET at.txt (or sed -i 's/et/ET/g' at.txt)
sed: unknown option -- T
Usage: sed [OPTION]... {script-only-if-no-other-script} [input-file]...

  -n, --quiet, --silent
                 suppress automatic printing of pattern space
      --debug
                 annotate program execution
  -e script, --expression=script
                 add the script to the commands to be executed
  -f script-file, --file=script-file
                 add the contents of script-file to the commands to be executed
  --follow-symlinks
                 follow symlinks when processing in place
  -i[SUFFIX], --in-place[=SUFFIX]
                 edit files in place (makes backup if SUFFIX supplied)
  -b, --binary
                 open files in binary mode (CR+LFs are not processed specially)
  -l N, --line-length=N
                 specify the desired line-wrap length for the `l' command
  --posix
                 disable all GNU extensions.
  -E, -r, --regexp-extended
                 use extended regular expressions in the script
                 (for portability use POSIX -E).
  -s, --separate
                 consider files as separate rather than as a single,
                 continuous long stream.
      --sandbox
                 operate in sandbox mode (disable e/r/w commands).
  -u, --unbuffered
                 load minimal amounts of data from the input files and flush
                 the output buffers more often
  -z, --null-data
                 separate lines by NUL characters
      --help     display this help and exit
      --version  output version information and exit

If no -e, --expression, -f, or --file option is given, then the first
non-option argument is taken as the sed script to interpret.  All
remaining arguments are names of input files; if no input files are
specified, then the standard input is read.

GNU sed home page: <https://www.gnu.org/software/sed/>.
General help using GNU software: <https://www.gnu.org/gethelp/>.


13. Find who is the system user.
Admin@DESKTOP-9N9UGQ5 MINGW64 ~/IH-Labs/lab-bash/lorem-copy (master)
$ whoami
Admin


14.Find the current path of the directory you are in.
Admin@DESKTOP-9N9UGQ5 MINGW64 ~/IH-Labs/lab-bash/lorem-copy (master)
$ pwd
/c/Users/Admin/IH-Labs/lab-bash/lorem-copy


15. List all files with the extension .txt in lorem folder.
Admin@DESKTOP-9N9UGQ5 MINGW64 ~/IH-Labs/lab-bash/lorem-copy (master)
$ cd ..

Admin@DESKTOP-9N9UGQ5 MINGW64 ~/IH-Labs/lab-bash (master)
$ cd lorem

Admin@DESKTOP-9N9UGQ5 MINGW64 ~/IH-Labs/lab-bash/lorem (main)
$ ls ../*.txt
README.md  at.txt  at.txte  lorem-copy  lorem.txt  sed.txt


16. Count the rows in sed.txt file from lorem folder. Look concatenate cat and wc with the pipe |.
Admin@DESKTOP-9N9UGQ5 MINGW64 ~/IH-Labs/lab-bash/lorem (main)
$ wc -l sed.txt
9 sed.txt


17. Count the files which start with lorem in all directories.
Admin@DESKTOP-9N9UGQ5 MINGW64 ~/IH-Labs/lab-bash/lorem (main)
$ ls -1q lorem* | wc -l
2


20.Store your name in a variable with read command.
Admin@DESKTOP-9N9UGQ5 MINGW64 ~/IH-Labs/lab-bash/lorem (main)
$ echo “Please type your name”

read name

echo “Your name is” $name
“Please type your name”
Nikos
“Your name is” Nikos
or
Admin@DESKTOP-9N9UGQ5 MINGW64 ~/IH-Labs/lab-bash/lorem (main)
$ name="Nikos"
a="name"


21.Print that variable.
Admin@DESKTOP-9N9UGQ5 MINGW64 ~/IH-Labs/lab-bash/lorem (main)
$ name="Nikos"
a="name"
echo "${!a}"
Nikos


22.Create a new directory named with variable name.
Admin@DESKTOP-9N9UGQ5 MINGW64 ~/IH-Labs/lab-bash/lorem (main)
$ mkdir name


23.Remove that directory.
Admin@DESKTOP-9N9UGQ5 MINGW64 ~/IH-Labs/lab-bash/lorem (main)
$ rm -r name

